00:53:28 **** Incremental Build of configuration Debug for project balance_bot ****
make -j20 all 
arm-none-eabi-gcc "../Core/Src/main.c" -mcpu=cortex-m4 -std=gnu11 -g3 -DDEBUG -DUSE_HAL_DRIVER -DSTM32F401xE -c -I../Core/Inc -I../Drivers/STM32F4xx_HAL_Driver/Inc -I../Drivers/STM32F4xx_HAL_Driver/Inc/Legacy -I../Drivers/CMSIS/Device/ST/STM32F4xx/Include -I../Drivers/CMSIS/Include -O0 -ffunction-sections -fdata-sections -Wall -fstack-usage -fcyclomatic-complexity -MMD -MP -MF"Core/Src/main.d" -MT"Core/Src/main.o" --specs=nano.specs -mfpu=fpv4-sp-d16 -mfloat-abi=hard -mthumb -o "Core/Src/main.o"
../Core/Src/main.c: In function 'main':
../Core/Src/main.c:87:15: warning: unused variable 'multiplier' [-Wunused-variable]
   87 |         float multiplier;
      |               ^~~~~~~~~~
arm-none-eabi-gcc -o "balance_bot.elf" @"objects.list"   -mcpu=cortex-m4 -T"C:\Users\tynix\Development\stm32_workspace\balance_bot\STM32F401RETX_FLASH.ld" --specs=nosys.specs -Wl,-Map="balance_bot.map" -Wl,--gc-sections -static --specs=nano.specs -mfpu=fpv4-sp-d16 -mfloat-abi=hard -mthumb -Wl,--start-group -lc -lm -Wl,--end-group
Finished building target: balance_bot.elf
 
arm-none-eabi-size  balance_bot.elf 
arm-none-eabi-objdump -h -S balance_bot.elf  > "balance_bot.list"
   text	   data	    bss	    dec	    hex	filename
   5920	      4	   1572	   7496	   1d48	balance_bot.elf
Finished building: default.size.stdout
 
Finished building: balance_bot.list
 

00:53:28 Build Finished. 0 errors, 1 warnings. (took 486ms)

