00:01:02 **** Incremental Build of configuration Debug for project balance_bot ****
make -j20 all 
arm-none-eabi-gcc "../Core/Src/main.c" -mcpu=cortex-m4 -std=gnu11 -g3 -DDEBUG -DUSE_HAL_DRIVER -DSTM32F401xE -c -I../Core/Inc -I../Drivers/STM32F4xx_HAL_Driver/Inc -I../Drivers/STM32F4xx_HAL_Driver/Inc/Legacy -I../Drivers/CMSIS/Device/ST/STM32F4xx/Include -I../Drivers/CMSIS/Include -O0 -ffunction-sections -fdata-sections -Wall -fstack-usage -fcyclomatic-complexity -MMD -MP -MF"Core/Src/main.d" -MT"Core/Src/main.o" --specs=nano.specs -mfpu=fpv4-sp-d16 -mfloat-abi=hard -mthumb -o "Core/Src/main.o"
../Core/Src/main.c: In function 'main':
../Core/Src/main.c:71:13: warning: unused variable 'past_err_ptr' [-Wunused-variable]
   71 |         int past_err_ptr = 0;
      |             ^~~~~~~~~~~~
../Core/Src/main.c:70:15: warning: unused variable 'past_err' [-Wunused-variable]
   70 |         float past_err[20] = {0};
      |               ^~~~~~~~
arm-none-eabi-gcc -o "balance_bot.elf" @"objects.list"   -mcpu=cortex-m4 -T"C:\Users\tynix\Development\stm32_workspace\balance_bot\STM32F401RETX_FLASH.ld" --specs=nosys.specs -Wl,-Map="balance_bot.map" -Wl,--gc-sections -static --specs=nano.specs -mfpu=fpv4-sp-d16 -mfloat-abi=hard -mthumb -Wl,--start-group -lc -lm -Wl,--end-group
Finished building target: balance_bot.elf
 
arm-none-eabi-size  balance_bot.elf 
arm-none-eabi-objdump -h -S balance_bot.elf  > "balance_bot.list"
   text	   data	    bss	    dec	    hex	filename
   5744	      4	   1572	   7320	   1c98	balance_bot.elf
Finished building: default.size.stdout
 
Finished building: balance_bot.list
 

00:01:03 Build Finished. 0 errors, 2 warnings. (took 435ms)

