01:58:38 **** Incremental Build of configuration Debug for project balance_bot ****
make -j20 all 
arm-none-eabi-gcc -o "balance_bot.elf" @"objects.list"  -li2c1 -luart1 -mcpu=cortex-m4 -T"C:\Users\tynix\Development\stm32_workspace\balance_bot\STM32F401RETX_FLASH.ld" --specs=nosys.specs -Wl,-Map="balance_bot.map" -Wl,--gc-sections -static -L"C:\Users\tynix\Development\stm32_workspace\i2c1\Debug" -L"C:\Users\tynix\Development\stm32_workspace\uart1\Debug" --specs=nano.specs -mfpu=fpv4-sp-d16 -mfloat-abi=hard -mthumb -Wl,--start-group -lc -lm -Wl,--end-group
Finished building target: balance_bot.elf
 
arm-none-eabi-size  balance_bot.elf 
arm-none-eabi-objdump -h -S balance_bot.elf  > "balance_bot.list"
   text	   data	    bss	    dec	    hex	filename
   5888	      4	   1572	   7464	   1d28	balance_bot.elf
Finished building: default.size.stdout
 
Finished building: balance_bot.list
 

01:58:39 Build Finished. 0 errors, 0 warnings. (took 549ms)

